// Jest Snapshot v1, https://goo.gl/fbAQLP

exports[`SimulatorLogPlugin should work through-out boots, launches and relaunches: stderr.log 1`] = `Array []`;

exports[`SimulatorLogPlugin should work through-out boots, launches and relaunches: stderr.startup.log 1`] = `Array []`;

exports[`SimulatorLogPlugin should work through-out boots, launches and relaunches: stdout.log 1`] = `Array []`;

exports[`SimulatorLogPlugin should work through-out boots, launches and relaunches: stdout.startup.log 1`] = `Array []`;
